Built file: 44441 bytes (43.4 KB)
Compression: 0.6% reduction
Estimated ZIP size: ~13.0 KB
JS13K budget remaining: ~-0.0 KB
